-29
42200
-1
6
80
37
-19
66
119
3
-50
-6
-125
211
-63
13
116
20
85
123
