011110001001000000
011111101111110001
11001000
11111111
